2025-04-15 18:59:46.341199 - Received CBT.V508.FILE173.PDS from FILE173.XMI 
2025-04-15 18:59:46.343190 - Found $$$#DATE.txt (text/plain) in CBT.V508.FILE173.PDS, moved to PDS/$$$#DATE
2025-04-15 18:59:46.343565 - Found $CPYRITE.txt (text/plain) in CBT.V508.FILE173.PDS, moved to PDS/$CPYRITE
2025-04-15 18:59:46.343898 - Found $DOC.txt (text/plain) in CBT.V508.FILE173.PDS, moved to PDS/$DOC
2025-04-15 18:59:46.343947 - Found @FILE173.txt (text/plain) in CBT.V508.FILE173.PDS, moved to PDS/@FILE173
2025-04-15 18:59:46.344917 - Found ARITH.txt (text/plain) in CBT.V508.FILE173.PDS, moved to PDS/ARITH
2025-04-15 18:59:46.345230 - Found ASMLINK.jcl (text/plain) in CBT.V508.FILE173.PDS, moved to PDS/ASMLINK
2025-04-15 18:59:46.345954 - Found DSATXA.txt (text/plain) in CBT.V508.FILE173.PDS, moved to PDS/DSATXA
2025-04-15 18:59:46.346398 - Found FINDFMID.txt (text/plain) in CBT.V508.FILE173.PDS, moved to PDS/FINDFMID
2025-04-15 18:59:46.346767 - Found FINDPTF.txt (text/plain) in CBT.V508.FILE173.PDS, moved to PDS/FINDPTF
2025-04-15 18:59:46.346970 - Found HELPAR.txt (text/plain) in CBT.V508.FILE173.PDS, moved to PDS/HELPAR
2025-04-15 18:59:46.347186 - Found HELPDSAT.txt (text/plain) in CBT.V508.FILE173.PDS, moved to PDS/HELPDSAT
2025-04-15 18:59:46.347549 - Found HELPVO.txt (text/plain) in CBT.V508.FILE173.PDS, moved to PDS/HELPVO
2025-04-15 18:59:46.347854 - Found JCLFINDP.jcl (text/plain) in CBT.V508.FILE173.PDS, moved to PDS/JCLFINDP
2025-04-15 18:59:46.348178 - Found JCLFMIDF.jcl (text/plain) in CBT.V508.FILE173.PDS, moved to PDS/JCLFMIDF
2025-04-15 18:59:46.348479 - Found JCLPRTPD.jcl (text/plain) in CBT.V508.FILE173.PDS, moved to PDS/JCLPRTPD
2025-04-15 18:59:46.348781 - Found JCLSMPET.jcl (text/plain) in CBT.V508.FILE173.PDS, moved to PDS/JCLSMPET
2025-04-15 18:59:46.349454 - Found LISTALOC.txt (text/plain) in CBT.V508.FILE173.PDS, moved to PDS/LISTALOC
2025-04-15 18:59:46.350199 - Found LISTLEV.txt (text/plain) in CBT.V508.FILE173.PDS, moved to PDS/LISTLEV
2025-04-15 18:59:46.350924 - Found LISTVTOC.txt (text/plain) in CBT.V508.FILE173.PDS, moved to PDS/LISTVTOC
2025-04-15 18:59:46.351589 - Found MONJOB.txt (text/plain) in CBT.V508.FILE173.PDS, moved to PDS/MONJOB
2025-04-15 18:59:46.351819 - Found POSTIT.txt (text/plain) in CBT.V508.FILE173.PDS, moved to PDS/POSTIT
2025-04-15 18:59:46.352514 - Found PRTPDS.txt (text/plain) in CBT.V508.FILE173.PDS, moved to PDS/PRTPDS
2025-04-15 18:59:46.353225 - Found SHOWVOLS.txt (text/plain) in CBT.V508.FILE173.PDS, moved to PDS/SHOWVOLS
2025-04-15 18:59:46.353958 - Found SMPETOOL.txt (text/plain) in CBT.V508.FILE173.PDS, moved to PDS/SMPETOOL
2025-04-15 18:59:46.354696 - Found STARTREK.txt (text/plain) in CBT.V508.FILE173.PDS, moved to PDS/STARTREK
2025-04-15 18:59:46.355373 - Found TSOCMDR.txt (text/plain) in CBT.V508.FILE173.PDS, moved to PDS/TSOCMDR
2025-04-15 18:59:46.355999 - Found VOPER.txt (text/plain) in CBT.V508.FILE173.PDS, moved to PDS/VOPER
